../Drivers/lvgl/lvgl/src/misc/../font/../draw/../misc/../stdlib/lv_string.h:73:20:lv_memzero	16	static
../Drivers/lvgl/lvgl/src/misc/lv_style.h:403:20:lv_style_is_const	16	static
../Drivers/lvgl/lvgl/src/misc/lv_style.h:497:30:lv_style_get_prop_inlined	48	static
../Drivers/lvgl/lvgl/src/misc/lv_style.h:537:24:lv_style_get_prop_group	24	static
../Drivers/lvgl/lvgl/src/misc/lv_style.c:176:6:lv_style_init	16	static
../Drivers/lvgl/lvgl/src/misc/lv_style.c:190:6:lv_style_reset	16	static
../Drivers/lvgl/lvgl/src/misc/lv_style.c:201:17:lv_style_register_prop	32	static
../Drivers/lvgl/lvgl/src/misc/lv_style.c:237:17:lv_style_get_num_custom_props	4	static
../Drivers/lvgl/lvgl/src/misc/lv_style.c:242:6:lv_style_remove_prop	56	static
../Drivers/lvgl/lvgl/src/misc/lv_style.c:287:6:lv_style_set_prop	56	static
../Drivers/lvgl/lvgl/src/misc/lv_style.c:336:16:lv_style_get_prop	24	static
../Drivers/lvgl/lvgl/src/misc/lv_style.c:341:6:lv_style_transition_dsc_init	24	static
../Drivers/lvgl/lvgl/src/misc/lv_style.c:352:18:lv_style_prop_get_default	64	static
../Drivers/lvgl/lvgl/src/misc/lv_style.c:420:6:lv_style_is_empty	16	static
../Drivers/lvgl/lvgl/src/misc/lv_style.c:427:9:lv_style_prop_lookup_flags	16	static
