../Drivers/lvgl/lvgl/src/draw/sw/lv_draw_sw.c:165:6:lv_draw_sw_init	16	static
../Drivers/lvgl/lvgl/src/draw/sw/lv_draw_sw.c:190:6:lv_draw_sw_deinit	8	static
../Drivers/lvgl/lvgl/src/draw/sw/lv_draw_sw.c:201:16:lv_draw_sw_delete	16	static
../Drivers/lvgl/lvgl/src/draw/sw/lv_draw_sw.c:220:6:lv_draw_sw_rgb565_swap	32	static
../Drivers/lvgl/lvgl/src/draw/sw/lv_draw_sw.c:254:6:lv_draw_sw_i1_invert	32	static
../Drivers/lvgl/lvgl/src/draw/sw/lv_draw_sw.c:285:6:lv_draw_sw_rotate	32	static
../Drivers/lvgl/lvgl/src/draw/sw/lv_draw_sw.c:382:20:execute_drawing_unit	16	static
../Drivers/lvgl/lvgl/src/draw/sw/lv_draw_sw.c:393:16:evaluate	24	static
../Drivers/lvgl/lvgl/src/draw/sw/lv_draw_sw.c:431:16:dispatch	32	static
../Drivers/lvgl/lvgl/src/draw/sw/lv_draw_sw.c:500:13:execute_drawing	24	static
../Drivers/lvgl/lvgl/src/draw/sw/lv_draw_sw.c:591:13:rotate270_argb8888	40	static
../Drivers/lvgl/lvgl/src/draw/sw/lv_draw_sw.c:612:13:rotate180_argb8888	40	static
../Drivers/lvgl/lvgl/src/draw/sw/lv_draw_sw.c:631:13:rotate90_argb8888	40	static
../Drivers/lvgl/lvgl/src/draw/sw/lv_draw_sw.c:655:13:rotate90_rgb888	40	static
../Drivers/lvgl/lvgl/src/draw/sw/lv_draw_sw.c:674:13:rotate180_rgb888	40	static
../Drivers/lvgl/lvgl/src/draw/sw/lv_draw_sw.c:692:13:rotate270_rgb888	40	static
../Drivers/lvgl/lvgl/src/draw/sw/lv_draw_sw.c:714:13:rotate270_rgb565	40	static
../Drivers/lvgl/lvgl/src/draw/sw/lv_draw_sw.c:735:13:rotate180_rgb565	40	static
../Drivers/lvgl/lvgl/src/draw/sw/lv_draw_sw.c:754:13:rotate90_rgb565	40	static
../Drivers/lvgl/lvgl/src/draw/sw/lv_draw_sw.c:780:13:rotate90_l8	40	static
../Drivers/lvgl/lvgl/src/draw/sw/lv_draw_sw.c:798:13:rotate180_l8	40	static
../Drivers/lvgl/lvgl/src/draw/sw/lv_draw_sw.c:814:13:rotate270_l8	40	static
