../Core/Src/main.c:53:13:UART_Print	16	static
../Core/Src/main.c:60:6:HAL_GPIO_EXTI_Callback	16	static
../Core/Src/main.c:67:5:main	104	static
../Core/Src/main.c:129:6:SystemClock_Config	88	static
../Core/Src/main.c:175:13:MX_I2C1_Init	8	static
../Core/Src/main.c:209:13:MX_SPI1_Init	8	static
../Core/Src/main.c:247:13:MX_USART1_UART_Init	8	static
../Core/Src/main.c:278:13:MX_DMA_Init	16	static
../Core/Src/main.c:296:13:MX_GPIO_Init	40	static
../Core/Src/main.c:357:6:Error_Handler	4	static,ignoring_inline_asm
