../Drivers/lvgl/lvgl/src/core/lv_obj_style_gen.h:82:23:lv_obj_get_style_transform_width	24	static
../Drivers/lvgl/lvgl/src/core/lv_obj_style_gen.h:88:23:lv_obj_get_style_transform_height	24	static
../Drivers/lvgl/lvgl/src/core/lv_obj_style_gen.h:214:26:lv_obj_get_style_bg_color_filtered	32	static
../Drivers/lvgl/lvgl/src/core/lv_obj_style_gen.h:220:24:lv_obj_get_style_bg_opa	24	static
../Drivers/lvgl/lvgl/src/core/lv_obj_style_gen.h:232:26:lv_obj_get_style_bg_grad_color_filtered	32	static
../Drivers/lvgl/lvgl/src/core/lv_obj_style_gen.h:239:29:lv_obj_get_style_bg_grad_dir	24	static
../Drivers/lvgl/lvgl/src/core/lv_obj_style_gen.h:245:23:lv_obj_get_style_bg_main_stop	24	static
../Drivers/lvgl/lvgl/src/core/lv_obj_style_gen.h:251:23:lv_obj_get_style_bg_grad_stop	24	static
../Drivers/lvgl/lvgl/src/core/lv_obj_style_gen.h:257:24:lv_obj_get_style_bg_main_opa	24	static
../Drivers/lvgl/lvgl/src/core/lv_obj_style_gen.h:263:24:lv_obj_get_style_bg_grad_opa	24	static
../Drivers/lvgl/lvgl/src/core/lv_obj_style_gen.h:269:37:lv_obj_get_style_bg_grad	24	static
../Drivers/lvgl/lvgl/src/core/lv_obj_style_gen.h:275:28:lv_obj_get_style_bg_image_src	24	static
../Drivers/lvgl/lvgl/src/core/lv_obj_style_gen.h:281:24:lv_obj_get_style_bg_image_opa	24	static
../Drivers/lvgl/lvgl/src/core/lv_obj_style_gen.h:293:26:lv_obj_get_style_bg_image_recolor_filtered	32	static
../Drivers/lvgl/lvgl/src/core/lv_obj_style_gen.h:300:24:lv_obj_get_style_bg_image_recolor_opa	24	static
../Drivers/lvgl/lvgl/src/core/lv_obj_style_gen.h:306:20:lv_obj_get_style_bg_image_tiled	24	static
../Drivers/lvgl/lvgl/src/core/lv_obj_style_gen.h:318:26:lv_obj_get_style_border_color_filtered	32	static
../Drivers/lvgl/lvgl/src/core/lv_obj_style_gen.h:325:24:lv_obj_get_style_border_opa	24	static
../Drivers/lvgl/lvgl/src/core/lv_obj_style_gen.h:331:23:lv_obj_get_style_border_width	24	static
../Drivers/lvgl/lvgl/src/core/lv_obj_style_gen.h:337:32:lv_obj_get_style_border_side	24	static
../Drivers/lvgl/lvgl/src/core/lv_obj_style_gen.h:349:23:lv_obj_get_style_outline_width	24	static
../Drivers/lvgl/lvgl/src/core/lv_obj_style_gen.h:361:26:lv_obj_get_style_outline_color_filtered	32	static
../Drivers/lvgl/lvgl/src/core/lv_obj_style_gen.h:368:24:lv_obj_get_style_outline_opa	24	static
../Drivers/lvgl/lvgl/src/core/lv_obj_style_gen.h:374:23:lv_obj_get_style_outline_pad	24	static
../Drivers/lvgl/lvgl/src/core/lv_obj_style_gen.h:380:23:lv_obj_get_style_shadow_width	24	static
../Drivers/lvgl/lvgl/src/core/lv_obj_style_gen.h:386:23:lv_obj_get_style_shadow_offset_x	24	static
../Drivers/lvgl/lvgl/src/core/lv_obj_style_gen.h:392:23:lv_obj_get_style_shadow_offset_y	24	static
../Drivers/lvgl/lvgl/src/core/lv_obj_style_gen.h:398:23:lv_obj_get_style_shadow_spread	24	static
../Drivers/lvgl/lvgl/src/core/lv_obj_style_gen.h:410:26:lv_obj_get_style_shadow_color_filtered	32	static
../Drivers/lvgl/lvgl/src/core/lv_obj_style_gen.h:417:24:lv_obj_get_style_shadow_opa	24	static
../Drivers/lvgl/lvgl/src/core/lv_obj_style_gen.h:423:24:lv_obj_get_style_image_opa	24	static
../Drivers/lvgl/lvgl/src/core/lv_obj_style_gen.h:435:26:lv_obj_get_style_image_recolor_filtered	32	static
../Drivers/lvgl/lvgl/src/core/lv_obj_style_gen.h:442:24:lv_obj_get_style_image_recolor_opa	24	static
../Drivers/lvgl/lvgl/src/core/lv_obj_style_gen.h:448:23:lv_obj_get_style_line_width	24	static
../Drivers/lvgl/lvgl/src/core/lv_obj_style_gen.h:454:23:lv_obj_get_style_line_dash_width	24	static
../Drivers/lvgl/lvgl/src/core/lv_obj_style_gen.h:460:23:lv_obj_get_style_line_dash_gap	24	static
../Drivers/lvgl/lvgl/src/core/lv_obj_style_gen.h:466:20:lv_obj_get_style_line_rounded	24	static
../Drivers/lvgl/lvgl/src/core/lv_obj_style_gen.h:478:26:lv_obj_get_style_line_color_filtered	32	static
../Drivers/lvgl/lvgl/src/core/lv_obj_style_gen.h:484:24:lv_obj_get_style_line_opa	24	static
../Drivers/lvgl/lvgl/src/core/lv_obj_style_gen.h:490:23:lv_obj_get_style_arc_width	24	static
../Drivers/lvgl/lvgl/src/core/lv_obj_style_gen.h:496:20:lv_obj_get_style_arc_rounded	24	static
../Drivers/lvgl/lvgl/src/core/lv_obj_style_gen.h:508:26:lv_obj_get_style_arc_color_filtered	32	static
../Drivers/lvgl/lvgl/src/core/lv_obj_style_gen.h:514:24:lv_obj_get_style_arc_opa	24	static
../Drivers/lvgl/lvgl/src/core/lv_obj_style_gen.h:520:28:lv_obj_get_style_arc_image_src	24	static
../Drivers/lvgl/lvgl/src/core/lv_obj_style_gen.h:532:26:lv_obj_get_style_text_color_filtered	32	static
../Drivers/lvgl/lvgl/src/core/lv_obj_style_gen.h:538:24:lv_obj_get_style_text_opa	24	static
../Drivers/lvgl/lvgl/src/core/lv_obj_style_gen.h:544:33:lv_obj_get_style_text_font	24	static
../Drivers/lvgl/lvgl/src/core/lv_obj_style_gen.h:550:23:lv_obj_get_style_text_letter_space	24	static
../Drivers/lvgl/lvgl/src/core/lv_obj_style_gen.h:556:23:lv_obj_get_style_text_line_space	24	static
../Drivers/lvgl/lvgl/src/core/lv_obj_style_gen.h:562:31:lv_obj_get_style_text_decor	24	static
../Drivers/lvgl/lvgl/src/core/lv_obj_style_gen.h:568:31:lv_obj_get_style_text_align	24	static
../Drivers/lvgl/lvgl/src/core/lv_obj_style_gen.h:574:23:lv_obj_get_style_radius	24	static
../Drivers/lvgl/lvgl/src/core/lv_obj_style_gen.h:628:31:lv_obj_get_style_blend_mode	24	static
../Drivers/lvgl/lvgl/src/core/lv_obj_draw.c:42:6:lv_obj_init_draw_rect_dsc	40	static
../Drivers/lvgl/lvgl/src/core/lv_obj_draw.c:147:6:lv_obj_init_draw_label_dsc	40	static
../Drivers/lvgl/lvgl/src/core/lv_obj_draw.c:176:6:lv_obj_init_draw_image_dsc	40	static
../Drivers/lvgl/lvgl/src/core/lv_obj_draw.c:202:6:lv_obj_init_draw_line_dsc	40	static
../Drivers/lvgl/lvgl/src/core/lv_obj_draw.c:232:6:lv_obj_init_draw_arc_dsc	40	static
../Drivers/lvgl/lvgl/src/core/lv_obj_draw.c:255:9:lv_obj_calculate_ext_draw_size	64	static
../Drivers/lvgl/lvgl/src/core/lv_obj_draw.c:289:6:lv_obj_refresh_ext_draw_size	24	static
../Drivers/lvgl/lvgl/src/core/lv_obj_draw.c:311:9:lv_obj_get_ext_draw_size	16	static
../Drivers/lvgl/lvgl/src/core/lv_obj_draw.c:317:17:lv_obj_get_layer_type	16	static
