../Drivers/lvgl/lvgl/src/core/../misc/../font/../draw/../misc/../stdlib/lv_string.h:73:20:lv_memzero	16	static
../Drivers/lvgl/lvgl/src/core/../misc/lv_bidi.h:71:20:lv_bidi_calculate_align	24	static
../Drivers/lvgl/lvgl/src/core/../misc/lv_style.h:403:20:lv_style_is_const	16	static
../Drivers/lvgl/lvgl/src/core/../misc/lv_style.h:497:30:lv_style_get_prop_inlined	48	static
../Drivers/lvgl/lvgl/src/core/../misc/lv_style.h:537:24:lv_style_get_prop_group	24	static
../Drivers/lvgl/lvgl/src/core/../misc/lv_style.h:603:20:lv_style_prop_has_flag	16	static
../Drivers/lvgl/lvgl/src/core/lv_obj_style.h:184:26:lv_obj_style_get_selector_state	16	static
../Drivers/lvgl/lvgl/src/core/lv_obj_style.h:189:25:lv_obj_style_get_selector_part	16	static
../Drivers/lvgl/lvgl/src/core/lv_obj_style_gen.h:22:23:lv_obj_get_style_width	24	static
../Drivers/lvgl/lvgl/src/core/lv_obj_style_gen.h:40:23:lv_obj_get_style_height	24	static
../Drivers/lvgl/lvgl/src/core/lv_obj_style_gen.h:106:23:lv_obj_get_style_transform_scale_x	24	static
../Drivers/lvgl/lvgl/src/core/lv_obj_style_gen.h:112:23:lv_obj_get_style_transform_scale_y	24	static
../Drivers/lvgl/lvgl/src/core/lv_obj_style_gen.h:118:23:lv_obj_get_style_transform_rotation	24	static
../Drivers/lvgl/lvgl/src/core/lv_obj_style_gen.h:136:23:lv_obj_get_style_transform_skew_x	24	static
../Drivers/lvgl/lvgl/src/core/lv_obj_style_gen.h:142:23:lv_obj_get_style_transform_skew_y	24	static
../Drivers/lvgl/lvgl/src/core/lv_obj_style_gen.h:568:31:lv_obj_get_style_text_align	24	static
../Drivers/lvgl/lvgl/src/core/lv_obj_style_gen.h:586:24:lv_obj_get_style_opa	24	static
../Drivers/lvgl/lvgl/src/core/lv_obj_style_gen.h:592:24:lv_obj_get_style_opa_layered	24	static
../Drivers/lvgl/lvgl/src/core/lv_obj_style_gen.h:598:45:lv_obj_get_style_color_filter_dsc	24	static
../Drivers/lvgl/lvgl/src/core/lv_obj_style_gen.h:604:24:lv_obj_get_style_color_filter_opa	24	static
../Drivers/lvgl/lvgl/src/core/lv_obj_style_gen.h:628:31:lv_obj_get_style_blend_mode	24	static
../Drivers/lvgl/lvgl/src/core/lv_obj_style_gen.h:640:29:lv_obj_get_style_base_dir	24	static
../Drivers/lvgl/lvgl/src/core/lv_obj_style_gen.h:646:28:lv_obj_get_style_bitmap_mask_src	24	static
../Drivers/lvgl/lvgl/src/core/lv_obj_style.c:84:6:lv_obj_style_init	8	static
../Drivers/lvgl/lvgl/src/core/lv_obj_style.c:89:6:lv_obj_style_deinit	8	static
../Drivers/lvgl/lvgl/src/core/lv_obj_style.c:98:6:lv_obj_add_style	40	static
../Drivers/lvgl/lvgl/src/core/lv_obj_style.c:157:6:lv_obj_replace_style	48	static
../Drivers/lvgl/lvgl/src/core/lv_obj_style.c:203:6:lv_obj_remove_style	56	static
../Drivers/lvgl/lvgl/src/core/lv_obj_style.c:256:6:lv_obj_remove_style_all	16	static
../Drivers/lvgl/lvgl/src/core/lv_obj_style.c:261:6:lv_obj_report_style_change	24	static
../Drivers/lvgl/lvgl/src/core/lv_obj_style.c:275:6:lv_obj_refresh_style	40	static
../Drivers/lvgl/lvgl/src/core/lv_obj_style.c:321:6:lv_obj_enable_style_refresh	16	static
../Drivers/lvgl/lvgl/src/core/lv_obj_style.c:326:18:lv_obj_get_style_prop	40	static
../Drivers/lvgl/lvgl/src/core/lv_obj_style.c:340:6:lv_obj_has_style_prop	32	static
../Drivers/lvgl/lvgl/src/core/lv_obj_style.c:353:6:lv_obj_set_local_style_prop	32	static
../Drivers/lvgl/lvgl/src/core/lv_obj_style.c:379:16:lv_obj_get_local_style_prop	32	static
../Drivers/lvgl/lvgl/src/core/lv_obj_style.c:393:6:lv_obj_remove_local_style_prop	32	static
../Drivers/lvgl/lvgl/src/core/lv_obj_style.c:418:6:lv_obj_style_create_transition	136	static
../Drivers/lvgl/lvgl/src/core/lv_obj_style.c:473:18:lv_obj_style_apply_color_filter	40	static
../Drivers/lvgl/lvgl/src/core/lv_obj_style.c:484:22:lv_obj_style_state_compare	40	static
../Drivers/lvgl/lvgl/src/core/lv_obj_style.c:545:6:lv_obj_fade_in	112	static
../Drivers/lvgl/lvgl/src/core/lv_obj_style.c:558:6:lv_obj_fade_out	112	static
../Drivers/lvgl/lvgl/src/core/lv_obj_style.c:570:17:lv_obj_calculate_style_text_align	32	static
../Drivers/lvgl/lvgl/src/core/lv_obj_style.c:578:10:lv_obj_get_style_opa_recursive	24	static
../Drivers/lvgl/lvgl/src/core/lv_obj_style.c:611:6:lv_obj_update_layer_type	24	static
../Drivers/lvgl/lvgl/src/core/lv_obj_style.c:632:21:get_local_style	32	static
../Drivers/lvgl/lvgl/src/core/lv_obj_style.c:670:25:get_trans_style	32	static
../Drivers/lvgl/lvgl/src/core/lv_obj_style.c:697:23:get_prop_core	72	static
../Drivers/lvgl/lvgl/src/core/lv_obj_style.c:756:13:report_style_change_core	24	static
../Drivers/lvgl/lvgl/src/core/lv_obj_style.c:778:13:refresh_children_style	32	static
../Drivers/lvgl/lvgl/src/core/lv_obj_style.c:801:13:trans_delete	40	static
../Drivers/lvgl/lvgl/src/core/lv_obj_style.c:835:13:trans_anim_cb	40	static
../Drivers/lvgl/lvgl/src/core/lv_obj_style.c:899:13:trans_anim_start_cb	40	static
../Drivers/lvgl/lvgl/src/core/lv_obj_style.c:922:13:trans_anim_completed_cb	48	static
../Drivers/lvgl/lvgl/src/core/lv_obj_style.c:960:24:calculate_layer_type	16	static
../Drivers/lvgl/lvgl/src/core/lv_obj_style.c:973:13:full_cache_refresh	16	static
../Drivers/lvgl/lvgl/src/core/lv_obj_style.c:1023:13:fade_anim_cb	16	static
../Drivers/lvgl/lvgl/src/core/lv_obj_style.c:1028:13:fade_in_anim_completed	16	static
../Drivers/lvgl/lvgl/src/core/lv_obj_style.c:1033:13:style_has_flag	32	static
../Drivers/lvgl/lvgl/src/core/lv_obj_style.c:1056:23:get_selector_style_prop	40	static
