../Drivers/lvgl/lvgl/src/misc/../misc/../stdlib/lv_string.h:73:20:lv_memzero	16	static
../Drivers/lvgl/lvgl/src/misc/lv_fs.c:55:6:lv_fs_init	8	static
../Drivers/lvgl/lvgl/src/misc/lv_fs.c:60:6:lv_fs_deinit	8	static
../Drivers/lvgl/lvgl/src/misc/lv_fs.c:65:6:lv_fs_is_ready	24	static
../Drivers/lvgl/lvgl/src/misc/lv_fs.c:76:13:lv_fs_open	48	static
../Drivers/lvgl/lvgl/src/misc/lv_fs.c:145:6:lv_fs_make_path_from_buffer	24	static
../Drivers/lvgl/lvgl/src/misc/lv_fs.c:154:13:lv_fs_close	24	static
../Drivers/lvgl/lvgl/src/misc/lv_fs.c:186:13:lv_fs_read	48	static
../Drivers/lvgl/lvgl/src/misc/lv_fs.c:217:13:lv_fs_write	48	static
../Drivers/lvgl/lvgl/src/misc/lv_fs.c:249:13:lv_fs_seek	40	static
../Drivers/lvgl/lvgl/src/misc/lv_fs.c:277:13:lv_fs_tell	24	static
../Drivers/lvgl/lvgl/src/misc/lv_fs.c:305:13:lv_fs_dir_open	32	static
../Drivers/lvgl/lvgl/src/misc/lv_fs.c:344:13:lv_fs_dir_read	40	static
../Drivers/lvgl/lvgl/src/misc/lv_fs.c:369:13:lv_fs_dir_close	24	static
../Drivers/lvgl/lvgl/src/misc/lv_fs.c:391:6:lv_fs_drv_init	16	static
../Drivers/lvgl/lvgl/src/misc/lv_fs.c:396:6:lv_fs_drv_register	24	static
../Drivers/lvgl/lvgl/src/misc/lv_fs.c:407:15:lv_fs_get_drv	24	static
../Drivers/lvgl/lvgl/src/misc/lv_fs.c:420:8:lv_fs_get_letters	24	static
../Drivers/lvgl/lvgl/src/misc/lv_fs.c:435:14:lv_fs_get_ext	24	static
../Drivers/lvgl/lvgl/src/misc/lv_fs.c:450:8:lv_fs_up	24	static
../Drivers/lvgl/lvgl/src/misc/lv_fs.c:476:14:lv_fs_get_last	24	static
../Drivers/lvgl/lvgl/src/misc/lv_fs.c:509:24:lv_fs_resolve_path	24	static
../Drivers/lvgl/lvgl/src/misc/lv_fs.c:538:20:lv_fs_read_cached	88	static
../Drivers/lvgl/lvgl/src/misc/lv_fs.c:623:20:lv_fs_write_cached	64	static
../Drivers/lvgl/lvgl/src/misc/lv_fs.c:667:20:lv_fs_seek_cached	40	static
