../Drivers/lvgl/lvgl/src/core/../misc/../font/../draw/../misc/lv_area.h:107:20:lv_area_copy	16	static
../Drivers/lvgl/lvgl/src/core/../misc/../font/../draw/../misc/../stdlib/lv_string.h:73:20:lv_memzero	16	static
../Drivers/lvgl/lvgl/src/core/lv_obj_style_gen.h:106:23:lv_obj_get_style_transform_scale_x	24	static
../Drivers/lvgl/lvgl/src/core/lv_obj_style_gen.h:112:23:lv_obj_get_style_transform_scale_y	24	static
../Drivers/lvgl/lvgl/src/core/lv_obj_style_gen.h:118:23:lv_obj_get_style_transform_rotation	24	static
../Drivers/lvgl/lvgl/src/core/lv_obj_style_gen.h:124:23:lv_obj_get_style_transform_pivot_x	24	static
../Drivers/lvgl/lvgl/src/core/lv_obj_style_gen.h:130:23:lv_obj_get_style_transform_pivot_y	24	static
../Drivers/lvgl/lvgl/src/core/lv_obj_style_gen.h:136:23:lv_obj_get_style_transform_skew_x	24	static
../Drivers/lvgl/lvgl/src/core/lv_obj_style_gen.h:142:23:lv_obj_get_style_transform_skew_y	24	static
../Drivers/lvgl/lvgl/src/core/lv_obj_style_gen.h:574:23:lv_obj_get_style_radius	24	static
../Drivers/lvgl/lvgl/src/core/lv_obj_style_gen.h:580:20:lv_obj_get_style_clip_corner	24	static
../Drivers/lvgl/lvgl/src/core/lv_obj_style_gen.h:592:24:lv_obj_get_style_opa_layered	24	static
../Drivers/lvgl/lvgl/src/core/lv_obj_style_gen.h:628:31:lv_obj_get_style_blend_mode	24	static
../Drivers/lvgl/lvgl/src/core/lv_obj_style_gen.h:646:28:lv_obj_get_style_bitmap_mask_src	24	static
../Drivers/lvgl/lvgl/src/core/lv_refr.c:75:6:lv_refr_init	4	static
../Drivers/lvgl/lvgl/src/core/lv_refr.c:79:6:lv_refr_deinit	4	static
../Drivers/lvgl/lvgl/src/core/lv_refr.c:83:6:lv_refr_now	24	static
../Drivers/lvgl/lvgl/src/core/lv_refr.c:100:6:lv_obj_redraw	352	static
../Drivers/lvgl/lvgl/src/core/lv_refr.c:257:6:lv_inv_area	72	static
../Drivers/lvgl/lvgl/src/core/lv_refr.c:334:16:lv_refr_get_disp_refreshing	4	static
../Drivers/lvgl/lvgl/src/core/lv_refr.c:343:6:lv_refr_set_disp_refreshing	16	static
../Drivers/lvgl/lvgl/src/core/lv_refr.c:348:6:lv_display_refr_timer	40	static
../Drivers/lvgl/lvgl/src/core/lv_refr.c:441:13:lv_refr_join_area	40	static
../Drivers/lvgl/lvgl/src/core/lv_refr.c:480:13:refr_sync_areas	136	static
../Drivers/lvgl/lvgl/src/core/lv_refr.c:558:13:refr_invalid_areas	16	static
../Drivers/lvgl/lvgl/src/core/lv_refr.c:598:13:layer_reshape_draw_buf	48	static
../Drivers/lvgl/lvgl/src/core/lv_refr.c:614:13:refr_area	96	static
../Drivers/lvgl/lvgl/src/core/lv_refr.c:700:13:refr_area_part	48	static
../Drivers/lvgl/lvgl/src/core/lv_refr.c:770:19:lv_refr_get_top_obj	40	static
../Drivers/lvgl/lvgl/src/core/lv_refr.c:810:13:refr_obj_and_children	40	static
../Drivers/lvgl/lvgl/src/core/lv_refr.c:858:20:layer_get_area	104	static
../Drivers/lvgl/lvgl/src/core/lv_refr.c:902:13:alpha_test_area_on_obj	24	static
../Drivers/lvgl/lvgl/src/core/lv_refr.c:1015:13:refr_obj	224	static
../Drivers/lvgl/lvgl/src/core/lv_refr.c:1109:17:get_max_row	64	static
../Drivers/lvgl/lvgl/src/core/lv_refr.c:1152:13:draw_buf_flush	24	static
../Drivers/lvgl/lvgl/src/core/lv_refr.c:1191:13:call_flush_cb	40	static
../Drivers/lvgl/lvgl/src/core/lv_refr.c:1217:13:wait_for_flushing	16	static
