../Drivers/lvgl/lvgl/src/misc/lv_timer.c:55:6:lv_timer_core_init	8	static
../Drivers/lvgl/lvgl/src/misc/lv_timer.c:63:37:lv_timer_handler	40	static
../Drivers/lvgl/lvgl/src/misc/lv_timer.c:151:33:lv_timer_periodic_handler	16	static
../Drivers/lvgl/lvgl/src/misc/lv_timer.c:161:14:lv_timer_create_basic	8	static
../Drivers/lvgl/lvgl/src/misc/lv_timer.c:166:14:lv_timer_create	32	static
../Drivers/lvgl/lvgl/src/misc/lv_timer.c:189:6:lv_timer_set_cb	16	static
../Drivers/lvgl/lvgl/src/misc/lv_timer.c:195:6:lv_timer_delete	16	static
../Drivers/lvgl/lvgl/src/misc/lv_timer.c:203:6:lv_timer_pause	16	static
../Drivers/lvgl/lvgl/src/misc/lv_timer.c:209:6:lv_timer_resume	16	static
../Drivers/lvgl/lvgl/src/misc/lv_timer.c:216:6:lv_timer_set_period	16	static
../Drivers/lvgl/lvgl/src/misc/lv_timer.c:222:6:lv_timer_ready	16	static
../Drivers/lvgl/lvgl/src/misc/lv_timer.c:228:6:lv_timer_set_repeat_count	16	static
../Drivers/lvgl/lvgl/src/misc/lv_timer.c:234:6:lv_timer_set_auto_delete	16	static
../Drivers/lvgl/lvgl/src/misc/lv_timer.c:240:6:lv_timer_set_user_data	16	static
../Drivers/lvgl/lvgl/src/misc/lv_timer.c:246:6:lv_timer_reset	16	static
../Drivers/lvgl/lvgl/src/misc/lv_timer.c:253:6:lv_timer_enable	16	static
../Drivers/lvgl/lvgl/src/misc/lv_timer.c:259:6:lv_timer_core_deinit	8	static
../Drivers/lvgl/lvgl/src/misc/lv_timer.c:266:10:lv_timer_get_idle	4	static
../Drivers/lvgl/lvgl/src/misc/lv_timer.c:271:10:lv_timer_get_time_until_next	4	static
../Drivers/lvgl/lvgl/src/misc/lv_timer.c:276:14:lv_timer_get_next	16	static
../Drivers/lvgl/lvgl/src/misc/lv_timer.c:282:37:lv_timer_handler_run_in_period	16	static
../Drivers/lvgl/lvgl/src/misc/lv_timer.c:293:8:lv_timer_get_user_data	16	static
../Drivers/lvgl/lvgl/src/misc/lv_timer.c:298:6:lv_timer_get_paused	16	static
../Drivers/lvgl/lvgl/src/misc/lv_timer.c:312:13:lv_timer_exec	24	static
../Drivers/lvgl/lvgl/src/misc/lv_timer.c:360:17:lv_timer_time_remaining	24	static
../Drivers/lvgl/lvgl/src/misc/lv_timer.c:372:13:lv_timer_handler_resume	8	static
../Drivers/lvgl/lvgl/src/misc/lv_timer.c:381:6:lv_timer_handler_set_resume_cb	16	static
