../Core/Src/GC9A01.c:14:13:GC9A01_Select	8	static
../Core/Src/GC9A01.c:15:13:GC9A01_Unselect	8	static
../Core/Src/GC9A01.c:16:13:GC9A01_DC_Command	8	static
../Core/Src/GC9A01.c:17:13:GC9A01_DC_Data	8	static
../Core/Src/GC9A01.c:20:6:GC9A01_Reset	8	static
../Core/Src/GC9A01.c:29:6:GC9A01_WriteCommand	16	static
../Core/Src/GC9A01.c:37:6:GC9A01_WriteData	16	static
../Core/Src/GC9A01.c:45:6:GC9A01_WriteDataBuffer	16	static
../Core/Src/GC9A01.c:59:6:GC9A01_SetAddressWindow	32	static
../Core/Src/GC9A01.c:73:6:GC9A01_DrawPixel	24	static
../Core/Src/GC9A01.c:84:6:GC9A01_FillRect	552	static
../Core/Src/GC9A01.c:106:6:GC9A01_Flush	32	static
../Core/Src/GC9A01.c:135:13:GC9A01_FlushReady	4	static
../Core/Src/GC9A01.c:141:6:GC9A01_Init	8	static
