../Drivers/lvgl/lvgl/src/draw/lv_draw.c:35:24:get_layer_size_kb	16	static
../Drivers/lvgl/lvgl/src/draw/lv_draw.c:55:6:lv_draw_init	4	static
../Drivers/lvgl/lvgl/src/draw/lv_draw.c:62:6:lv_draw_deinit	16	static
../Drivers/lvgl/lvgl/src/draw/lv_draw.c:79:8:lv_draw_create_unit	24	static
../Drivers/lvgl/lvgl/src/draw/lv_draw.c:90:18:lv_draw_add_task	32	static
../Drivers/lvgl/lvgl/src/draw/lv_draw.c:118:6:lv_draw_finalize_task_creation	32	static
../Drivers/lvgl/lvgl/src/draw/lv_draw.c:162:6:lv_draw_wait_for_finish	4	static
../Drivers/lvgl/lvgl/src/draw/lv_draw.c:174:6:lv_draw_dispatch	24	static
../Drivers/lvgl/lvgl/src/draw/lv_draw.c:195:6:lv_draw_dispatch_layer	72	static
../Drivers/lvgl/lvgl/src/draw/lv_draw.c:286:6:lv_draw_dispatch_wait_for_request	4	static
../Drivers/lvgl/lvgl/src/draw/lv_draw.c:296:6:lv_draw_dispatch_request	4	static
../Drivers/lvgl/lvgl/src/draw/lv_draw.c:305:10:lv_draw_get_unit_count	4	static
../Drivers/lvgl/lvgl/src/draw/lv_draw.c:310:18:lv_draw_get_next_available_task	48	static
../Drivers/lvgl/lvgl/src/draw/lv_draw.c:377:10:lv_draw_get_dependent_count	24	static
../Drivers/lvgl/lvgl/src/draw/lv_draw.c:398:14:lv_draw_layer_create	48	static
../Drivers/lvgl/lvgl/src/draw/lv_draw.c:427:8:lv_draw_layer_alloc_buf	32	static
../Drivers/lvgl/lvgl/src/draw/lv_draw.c:456:8:lv_draw_layer_go_to_xy	24	static
../Drivers/lvgl/lvgl/src/draw/lv_draw.c:461:21:lv_draw_task_get_type	16	static
../Drivers/lvgl/lvgl/src/draw/lv_draw.c:466:8:lv_draw_task_get_draw_dsc	16	static
../Drivers/lvgl/lvgl/src/draw/lv_draw.c:471:6:lv_draw_task_get_area	16	static
../Drivers/lvgl/lvgl/src/draw/lv_draw.c:486:13:is_independent	40	static
